// Jest Snapshot v1, https://goo.gl/fbAQLP

exports[`Test Auth Paget snapshot Auth Page 1`] = `
<div
  className="sc-jrkPcm hRpcyE"
>
  <h2
    className="title"
  >
    login
  </h2>
  <form
    className="sc-hLclGa gcKGdP"
    onSubmit={[Function]}
  >
    <input
      className="sc-dkjKgF klRrzA"
      data-testid="input"
      id="email"
      name="email"
      onChange={[Function]}
      placeholder="Email"
      type="email"
      value=""
    />
    <input
      className="sc-dkjKgF klRrzA"
      data-testid="input"
      id="password"
      name="password"
      onChange={[Function]}
      placeholder="Password"
      type="password"
      value=""
    />
    <div
      className="btn_container"
    >
      <button
        className="sc-bcPKhP dFDPgo"
        type="button"
      >
        google
      </button>
      <button
        className="sc-bcPKhP dFDPgo"
        type="submit"
      >
        login
      </button>
    </div>
    <p>
      if you don't have account. Please
       
      <a
        className="signup_link"
        data-testid="text-content"
        href="/"
        onClick={[Function]}
      >
        signup
      </a>
    </p>
  </form>
</div>
`;
